\BOOKMARK [1][-]{section.1}{\376\377\000I\000n\000t\000r\000o\000d\000u\000c\000t\000i\000o\000n}{}% 1
\BOOKMARK [2][-]{subsection.1.1}{\376\377\000C\000h\000a\000l\000l\000e\000n\000g\000e\000s\000\040\000w\000i\000t\000h\000\040\000m\000e\000a\000s\000u\000r\000i\000n\000g\000\040\000c\000o\000a\000s\000t\000a\000l\000\040\000p\000h\000e\000n\000o\000m\000e\000n\000a}{section.1}% 2
\BOOKMARK [2][-]{subsection.1.2}{\376\377\000S\000a\000t\000e\000l\000l\000i\000t\000e\000-\000b\000a\000s\000e\000d\000\040\000r\000e\000m\000o\000t\000e\000\040\000s\000e\000n\000s\000i\000n\000g\000\040\000a\000s\000\040\000a\000\040\000s\000o\000l\000u\000t\000i\000o\000n}{section.1}% 3
\BOOKMARK [2][-]{subsection.1.3}{\376\377\000B\000a\000t\000h\000y\000m\000e\000t\000r\000y}{section.1}% 4
\BOOKMARK [2][-]{subsection.1.4}{\376\377\000T\000h\000e\000\040\000r\000o\000l\000e\000\040\000o\000f\000\040\000M\000e\000d\000i\000a\000\040\000A\000r\000t\000s}{section.1}% 5
\BOOKMARK [2][-]{subsection.1.5}{\376\377\000O\000b\000j\000e\000c\000t\000i\000v\000e\000s}{section.1}% 6
\BOOKMARK [1][-]{section.2}{\376\377\000C\000o\000n\000c\000e\000p\000t\000u\000a\000l\000\040\000b\000a\000c\000k\000g\000r\000o\000u\000n\000d}{}% 7
\BOOKMARK [2][-]{subsection.2.1}{\376\377\000C\000o\000a\000s\000t\000a\000l\000\040\000s\000c\000i\000e\000n\000c\000e}{section.2}% 8
\BOOKMARK [3][-]{subsubsection.2.1.1}{\376\377\000O\000c\000e\000a\000n\000\040\000w\000a\000v\000e\000s}{subsection.2.1}% 9
\BOOKMARK [3][-]{subsubsection.2.1.2}{\376\377\000C\000u\000r\000r\000e\000n\000t\000s}{subsection.2.1}% 10
\BOOKMARK [3][-]{subsubsection.2.1.3}{\376\377\000M\000o\000r\000p\000h\000o\000l\000o\000g\000y}{subsection.2.1}% 11
\BOOKMARK [2][-]{subsection.2.2}{\376\377\000R\000e\000m\000o\000t\000e\000\040\000s\000e\000n\000s\000i\000n\000g}{section.2}% 12
\BOOKMARK [3][-]{subsubsection.2.2.1}{\376\377\000O\000p\000t\000i\000c\000a\000l}{subsection.2.2}% 13
\BOOKMARK [3][-]{subsubsection.2.2.2}{\376\377\000S\000y\000n\000t\000h\000e\000t\000i\000c\000\040\000A\000p\000e\000r\000t\000u\000r\000e\000\040\000R\000a\000d\000a\000r}{subsection.2.2}% 14
\BOOKMARK [2][-]{subsection.2.3}{\376\377\000C\000o\000m\000p\000l\000e\000m\000e\000n\000t\000a\000r\000y\000\040\000d\000a\000t\000a\000\040\000s\000o\000u\000r\000c\000e\000s}{section.2}% 15
\BOOKMARK [3][-]{subsubsection.2.3.1}{\376\377\000B\000u\000o\000y\000s}{subsection.2.3}% 16
\BOOKMARK [3][-]{subsubsection.2.3.2}{\376\377\000N\000u\000m\000e\000r\000i\000c\000a\000l\000\040\000w\000a\000v\000e\000\040\000m\000o\000d\000e\000l\000s}{subsection.2.3}% 17
\BOOKMARK [3][-]{subsubsection.2.3.3}{\376\377\000C\000o\000a\000s\000t\000a\000l\000\040\000r\000e\000l\000i\000e\000f\000\040\000r\000o\000d\000e\000l\000s}{subsection.2.3}% 18
\BOOKMARK [3][-]{subsubsection.2.3.4}{\376\377\000L\000a\000n\000d\000\040\000V\000e\000c\000t\000o\000r\000\040\000L\000a\000y\000e\000r\000s}{subsection.2.3}% 19
\BOOKMARK [1][-]{section.3}{\376\377\000A\000l\000g\000o\000r\000i\000t\000h\000m}{}% 20
\BOOKMARK [2][-]{subsection.3.1}{\376\377\000A\000r\000e\000a\000\040\000o\000f\000\040\000i\000n\000t\000e\000r\000e\000s\000t\000\040\000s\000e\000l\000e\000c\000t\000i\000o\000n}{section.3}% 21
\BOOKMARK [2][-]{subsection.3.2}{\376\377\000D\000a\000t\000a\000\040\000r\000e\000t\000r\000i\000e\000v\000a\000l\000\040\000a\000n\000d\000\040\000p\000r\000o\000c\000e\000s\000s\000i\000n\000g}{section.3}% 22
\BOOKMARK [2][-]{subsection.3.3}{\376\377\000B\000a\000t\000h\000y\000m\000e\000t\000r\000i\000c\000\040\000i\000n\000v\000e\000r\000s\000i\000o\000n}{section.3}% 23
\BOOKMARK [1][-]{section.4}{\376\377\000C\000o\000n\000c\000l\000u\000s\000i\000o\000n}{}% 24
\BOOKMARK [2][-]{subsection.4.1}{\376\377\000P\000o\000s\000s\000i\000b\000l\000e\000\040\000s\000o\000l\000u\000t\000i\000o\000n\000s}{section.4}% 25
\BOOKMARK [2][-]{subsection.4.2}{\376\377\000A\000\040\000f\000r\000a\000m\000e\000w\000o\000r\000k\000\040\000f\000o\000r\000\040\000a\000p\000p\000l\000i\000e\000d\000\040\000M\000e\000d\000i\000a\000\040\000A\000r\000t\000s}{section.4}% 26
\BOOKMARK [2][-]{subsection.4.3}{\376\377\000S\000u\000m\000m\000a\000r\000y}{section.4}% 27
